C51 COMPILER V9.53.0.0   OS                                                                07/14/2020 15:32:52 PAGE 1   


C51 COMPILER V9.53.0.0, COMPILATION OF MODULE OS
OBJECT MODULE PLACED IN .\Objects\OS.obj
COMPILER INVOKED BY: C:\Keil_v5\C51\BIN\C51.EXE User\OS.c OMF2 ROM(COMPACT) OPTIMIZE(8,SPEED) BROWSE INCDIR(.\User;.\Use
                    -r\Drive) DEBUG PRINT(.\Listings\OS.lst) OBJECT(.\Objects\OS.obj)

line level    source

   1          #define _OS_C
   2          
   3          
   4          
   5          #include "OS.h" 
   6          #include "Lcd.h"
   7          #include "LcdDis.h"
   8          #include "UHF.h"
   9          #include "System.h"
  10          #include "KeyBoard.h"
  11          #include "ADC.h"
  12          #include "RCC.h"
  13          #include "kt_0646m.h"
  14           
  15          MyDelay  xdata taskDelay[MAXTASK];
  16          OS               xdata os;
  17          
  18          /***********************************************************多任务****************************************
             -*******************/
  19          
  20           void Test()
  21          {
  22   1        static u16 i=1;
  23   1        ShowNumber(i++);
  24   1        if (i>9999)
  25   1          i=0;
  26   1      }
  27          
  28          
  29          
  30          /*------任务0------*/
  31          static void Task0(void)
  32          {       
  33   1              static u8 xdata num;
  34   1              AutoMuteDis();
  35   1              num++;
  36   1              if(num >= 2)
  37   1              {
  38   2                      num = 0;
  39   2                      AutoMuteDelay(); 
  40   2              } 
  41   1              if(Sdata.state != S_INIT)
  42   1                      BatRead();  
  43   1              
  44   1              StopDelay();
  45   1              KeyMute();
  46   1              
  47   1              LedLampDelay();
  48   1      } 
  49          
  50          /*------任务1------*/
  51          static void Task1(void)
  52          {       
  53   1              static u8 xdata count = 0; 
C51 COMPILER V9.53.0.0   OS                                                                07/14/2020 15:32:52 PAGE 2   

  54   1              count++;
  55   1              if(count>=3)
  56   1              {
  57   2                      count = 0;
  58   2                      TwinkleDis();
  59   2              }
  60   1              StartDis();
  61   1              RailDis();
  62   1              AutoMute(); 
  63   1              
  64   1              u_dat.ramid++;
  65   1              if(u_dat.ramid == 254)
  66   1                      u_dat.ramid = 1;
  67   1              
  68   1              if(u_dat.line_flag)//充电状态唤醒
  69   1              {
  70   2                      u_dat.line_flag = 0; 
  71   2                      if(Sdata.state == S_INIT)//如果此时为INIT状态
  72   2                      {
  73   3                              SysState(BAT_CHARGE);
  74   3                              IO_Initailize();  
  75   3                              POWER = 1;
  76   3                              KeyInit();
  77   3                              LcdInit(); 
  78   3                              AD_Init(CH7_P30);  
  79   3                              Sdata.stop_time = 5;
  80   3                              CHIP_EN_OUT;
  81   3                              CHIP_EN = Disable; 
  82   3                      } 
  83   2                      else 
  84   2                      {
  85   3                              SysState(SHUTDOWN);//正常工作时插入充电，立马关机
  86   3                      }
  87   2              }
  88   1      /*
  89   1              如何进入BAT_CHARGE模式
  90   1              1、关机时为充电状态
  91   1              2、正常待机的时候插入充电线
  92   1              */
  93   1              if(Sdata.state == BAT_CHARGE)//关机充电时拔出充电器 进入INIT状态
  94   1              {
  95   2                      if(!LINE_EN)
  96   2                      {
  97   3                              CHIP_EN_OUT;
  98   3                              CHIP_EN = Enable; 
  99   3                              Sdata.stop_time = 5;
 100   3                              SysState(S_INIT);
 101   3                      }
 102   2              }
 103   1      } 
 104          
 105          void OSTaskInit(void)
 106          {
 107   1              //5ms
 108   1              u8   i=0;
 109   1              taskDelay[0].delay=100;         //1S
 110   1              taskDelay[1].delay=20;                  //100ms  
 111   1              
 112   1              for (i=0;i < MAXTASK;i++)
 113   1              {
 114   2                taskDelay[i].counter=taskDelay[i].delay;
 115   2              }
C51 COMPILER V9.53.0.0   OS                                                                07/14/2020 15:32:52 PAGE 3   

 116   1              
 117   1      }
 118          
 119          /**         任务调度
 120          *
 121          *
 122          */
 123          void OSTaskScan(void)
 124          {
 125   1              u8  i=0;
 126   1        static   xdata void (*  Task[])()={&Task0,&Task1}; 
 127   1      
 128   1          for (i=0;i<MAXTASK;i++)
 129   1          {
 130   2            if (taskDelay[i].counter==0)
 131   2            {
 132   3              taskDelay[i].counter=taskDelay[i].delay;
 133   3              Task[i]();
 134   3            }
 135   2          }
 136   1      }
 137          
 138          void OSTick(void)
 139          { 
 140   1        u8 i; 
 141   1        for (i=0;i<MAXTASK;i++)
 142   1        {
 143   2          if (taskDelay[i].counter>0)
 144   2          {
 145   3            taskDelay[i].counter--;
 146   3          }                           
 147   2        }
 148   1      }
 149          
 150          
 151           
 152           
 153          
 154          /**********************************************************功能任务***************************************
             -******************/
 155          /*        系统初始化
 156          *   调用各子功能的初始化函数
 157          *   
 158          */
 159          void OSInit(void)
 160          {       
 161   1        OSTaskScan();
 162   1        OSTick();  
 163   1        OSTaskInit(); 
 164   1      }
 165          
 166          
 167          


MODULE INFORMATION:   STATIC OVERLAYABLE
   CODE SIZE        =    431    ----
   CONSTANT SIZE    =   ----    ----
   XDATA SIZE       =     22    ----
   PDATA SIZE       =   ----    ----
   DATA SIZE        =      2       1
   IDATA SIZE       =   ----    ----
C51 COMPILER V9.53.0.0   OS                                                                07/14/2020 15:32:52 PAGE 4   

   BIT SIZE         =   ----    ----
   EDATA SIZE       =   ----    ----
   HDATA SIZE       =   ----    ----
   XDATA CONST SIZE =   ----    ----
   FAR CONST SIZE   =   ----    ----
END OF MODULE INFORMATION.


C51 COMPILATION COMPLETE.  0 WARNING(S),  0 ERROR(S)
